../../examples/awl-hello/awl_hello.awl
    pattern:  1, capture: 1 - comment.documentation.workflow, start: (0, 0), end: (0, 87), text: `//! Greet a name, then shout it — the first workflow written in AWL and run for real.`
    pattern: 24, capture: 17 - keyword, start: (1, 0), end: (1, 8), text: `workflow`
    pattern: 11, capture: 9 - function, start: (1, 9), end: (1, 18), text: `awl_hello`
    pattern: 24, capture: 17 - keyword, start: (2, 2), end: (2, 7), text: `input`
    pattern: 12, capture: 10 - variable.parameter, start: (2, 8), end: (2, 12), text: `name`
    pattern:  9, capture: 7 - type.builtin, start: (2, 14), end: (2, 20), text: `String`
    pattern: 24, capture: 17 - keyword, start: (3, 2), end: (3, 9), text: `outcome`
    pattern: 14, capture: 11 - label, start: (3, 10), end: (3, 17), text: `shouted`
    pattern: 24, capture: 17 - keyword, start: (3, 19), end: (3, 23), text: `type`
    pattern: 10, capture: 8 - type, start: (3, 24), end: (3, 31), text: `Shouted`
    pattern: 15, capture: 12 - type.definition, start: (3, 24), end: (3, 31), text: `Shouted`
    pattern: 24, capture: 17 - keyword, start: (3, 33), end: (3, 38), text: `route`
    pattern: 24, capture: 17 - keyword, start: (3, 39), end: (3, 46), text: `success`
    pattern: 24, capture: 17 - keyword, start: (5, 0), end: (5, 4), text: `type`
    pattern: 10, capture: 8 - type, start: (5, 5), end: (5, 13), text: `Greeting`
    pattern: 15, capture: 12 - type.definition, start: (5, 5), end: (5, 13), text: `Greeting`
    pattern:  9, capture: 7 - type.builtin, start: (5, 26), end: (5, 32), text: `String`
    pattern: 24, capture: 17 - keyword, start: (6, 0), end: (6, 4), text: `type`
    pattern: 10, capture: 8 - type, start: (6, 5), end: (6, 12), text: `Shouted`
    pattern: 15, capture: 12 - type.definition, start: (6, 5), end: (6, 12), text: `Shouted`
    pattern:  9, capture: 7 - type.builtin, start: (6, 22), end: (6, 28), text: `String`
    pattern: 24, capture: 17 - keyword, start: (8, 0), end: (8, 6), text: `worker`
    pattern: 17, capture: 14 - namespace, start: (8, 7), end: (8, 16), text: `awl_hello`
    pattern: 24, capture: 17 - keyword, start: (9, 2), end: (9, 8), text: `action`
    pattern: 18, capture: 15 - function.method, start: (9, 9), end: (9, 14), text: `greet`
    pattern:  9, capture: 7 - type.builtin, start: (9, 21), end: (9, 27), text: `String`
    pattern: 27, capture: 19 - operator, start: (9, 29), end: (9, 31), text: `->`
    pattern: 10, capture: 8 - type, start: (9, 32), end: (9, 40), text: `Greeting`
    pattern: 24, capture: 17 - keyword, start: (10, 2), end: (10, 8), text: `action`
    pattern: 18, capture: 15 - function.method, start: (10, 9), end: (10, 14), text: `shout`
    pattern:  9, capture: 7 - type.builtin, start: (10, 21), end: (10, 27), text: `String`
    pattern: 27, capture: 19 - operator, start: (10, 29), end: (10, 31), text: `->`
    pattern: 10, capture: 8 - type, start: (10, 32), end: (10, 39), text: `Shouted`
    pattern: 24, capture: 17 - keyword, start: (12, 0), end: (12, 4), text: `step`
    pattern: 21, capture: 9 - function, start: (12, 5), end: (12, 20), text: `greet_and_shout`
    pattern: 26, capture: 19 - operator, start: (13, 7), end: (13, 9), text: `|>`
    pattern: 26, capture: 19 - operator, start: (13, 16), end: (13, 18), text: `|>`
    pattern: 26, capture: 19 - operator, start: (13, 29), end: (13, 31), text: `|>`
    pattern: 26, capture: 19 - operator, start: (13, 38), end: (13, 40), text: `|>`
    pattern: 24, capture: 17 - keyword, start: (13, 41), end: (13, 46), text: `route`
